// Jest Snapshot v1, https://goo.gl/fbAQLP

exports[`To test the home page component To test Home page renders successfully! 1`] = `[Function]`;

exports[`To test thehome page component To test Home page renders successfully! 1`] = `[Function]`;
