// Jest Snapshot v1, https://goo.gl/fbAQLP

exports[`To test the hotel page component To test Home page renders successfully! 1`] = `[Function]`;
